2025-12-12 06:55:54,723 - Knowledge - INFO - Created shared MongoDB connection pool
2025-12-12 06:55:55,013 - Knowledge - INFO - Starting Knowledge Graph processing with 20 threads
2025-12-12 06:55:55,167 - Knowledge - INFO - Initial configuration: chunk_size=65536, max_cache_size=500
2025-12-12 06:55:55,349 - Knowledge - INFO - Knowledge Graph concurrency configuration: workers=20, max_batch_size=25, max_concurrent_llm_calls=50
2025-12-12 06:55:56,956 - Knowledge - INFO - 🔍 _load_persisted_knowledge called - checking for Redis optimization
2025-12-12 06:55:57,169 - Knowledge - WARNING - ❌ load_from_redis method not found - Redis support not attached
2025-12-12 06:55:57,337 - Knowledge - INFO - load persisted knowledge: begin
2025-12-12 06:55:57,498 - Knowledge - INFO - Loaded 0 files from persisted knowledge
2025-12-12 06:55:57,657 - Knowledge - INFO - load persisted knowledge: end
2025-12-12 06:55:57,844 - Knowledge - WARNING - No persisted knowledge found. Files will be queued during start()
2025-12-12 06:55:58,045 - Knowledge - INFO - Redis support added with prefix knowledge:b63987w:
2025-12-12 06:55:58,238 - Knowledge - INFO - Starting knowledge initialization for ID: 2EO4E0-b63987w
2025-12-12 06:55:58,398 - Knowledge - INFO - 🔍 Checking Redis for build_id: b63987w
2025-12-12 06:55:58,583 - Knowledge - INFO - 🔍 Full session ID: 2EO4E0-b63987w
2025-12-12 06:55:58,744 - Knowledge - INFO - 🔍 Redis prefix will be: knowledge:b63987w:
2025-12-12 06:55:58,922 - Knowledge - INFO - 🔍 Using attached load_from_redis() method
2025-12-12 06:55:59,129 - Knowledge - INFO - 🔍 Attempting to load knowledge from Redis...
2025-12-12 06:55:59,281 - Knowledge - INFO - 🔍 Using derived instance_id for Redis lookup: b63987w
2025-12-12 06:55:59,503 - Knowledge - WARNING - ❌ No Redis cache found
2025-12-12 06:55:59,688 - Knowledge - INFO - 📁 Loading knowledge from disk...
2025-12-12 06:55:59,918 - Knowledge - INFO - load persisted docinfo: begin
2025-12-12 06:56:00,148 - Knowledge - INFO - load persisted docinfo: end
2025-12-12 06:56:00,346 - Knowledge - INFO - 🔍 _load_persisted_knowledge called - checking for Redis optimization
2025-12-12 06:56:00,497 - Knowledge - INFO - ✅ load_from_redis method found - attempting Redis load
2025-12-12 06:56:00,639 - Knowledge - INFO - 🔍 Attempting to load knowledge from Redis...
2025-12-12 06:56:00,793 - Knowledge - INFO - 🔍 Using derived instance_id for Redis lookup: b63987w
2025-12-12 06:56:00,950 - Knowledge - WARNING - ❌ No Redis cache found
2025-12-12 06:56:01,115 - Knowledge - INFO - ❌ Redis load returned False - falling back to file loading
2025-12-12 06:56:01,305 - Knowledge - INFO - load persisted knowledge: begin
2025-12-12 06:56:01,490 - Knowledge - INFO - Loaded 0 files from persisted knowledge
2025-12-12 06:56:01,657 - Knowledge - INFO - load persisted knowledge: end
2025-12-12 06:56:01,833 - Knowledge - INFO - 📁 Disk load complete in 1.97s
2025-12-12 06:56:02,022 - Knowledge - INFO - Populating ingest queue with source files...
2025-12-12 06:56:02,210 - Knowledge - INFO - Added 0 files from /app/data/metazdigital2848/134/b63987w/kavia_trial-134 to ingest queue
2025-12-12 06:56:02,371 - Knowledge - INFO - Worker kw1 created using shared MongoDB connection pool
2025-12-12 06:56:02,568 - Knowledge - INFO - knowledge worker kw1 start
2025-12-12 06:56:02,587 - Knowledge - INFO - Saving knowledge to Redis...
2025-12-12 06:56:02,827 - Knowledge - INFO - Knowledge saved to Redis successfully
